2026-07-06 01:39:12,473 INFO nb01: dataset=cic2017 | random_state=42 | artifacts -> /Users/MAC/Projects/IDS/backend/artifacts/ft40/cic2017
2026-07-06 01:39:12,483 INFO nb01: importing 8 raw CSV files from /Users/MAC/Projects/IDS/datasets/CIC-IDS- 2017
2026-07-06 01:39:12,486 INFO nb01: START read Friday-WorkingHours-Afternoon-DDos.pcap_ISCX.csv
2026-07-06 01:39:14,113 INFO nb01: END   read Friday-WorkingHours-Afternoon-DDos.pcap_ISCX.csv (1.6s)
2026-07-06 01:39:14,123 INFO nb01: Friday-WorkingHours-Afternoon-DDos.pcap_ISCX.csv -> 225745 rows
2026-07-06 01:39:14,123 INFO nb01: START read Friday-WorkingHours-Afternoon-PortScan.pcap_ISCX.csv
2026-07-06 01:39:15,763 INFO nb01: END   read Friday-WorkingHours-Afternoon-PortScan.pcap_ISCX.csv (1.6s)
2026-07-06 01:39:15,763 INFO nb01: Friday-WorkingHours-Afternoon-PortScan.pcap_ISCX.csv -> 286467 rows
2026-07-06 01:39:15,764 INFO nb01: START read Friday-WorkingHours-Morning.pcap_ISCX.csv
2026-07-06 01:39:16,950 INFO nb01: END   read Friday-WorkingHours-Morning.pcap_ISCX.csv (1.2s)
2026-07-06 01:39:16,951 INFO nb01: Friday-WorkingHours-Morning.pcap_ISCX.csv -> 191033 rows
2026-07-06 01:39:16,952 INFO nb01: START read Monday-WorkingHours.pcap_ISCX.csv
2026-07-06 01:39:21,034 INFO nb01: END   read Monday-WorkingHours.pcap_ISCX.csv (4.1s)
2026-07-06 01:39:21,035 INFO nb01: Monday-WorkingHours.pcap_ISCX.csv -> 529918 rows
2026-07-06 01:39:21,035 INFO nb01: START read Thursday-WorkingHours-Afternoon-Infilteration.pcap_ISCX.csv
2026-07-06 01:39:22,848 INFO nb01: END   read Thursday-WorkingHours-Afternoon-Infilteration.pcap_ISCX.csv (1.8s)
2026-07-06 01:39:22,849 INFO nb01: Thursday-WorkingHours-Afternoon-Infilteration.pcap_ISCX.csv -> 288602 rows
2026-07-06 01:39:22,849 INFO nb01: START read Thursday-WorkingHours-Morning-WebAttacks.pcap_ISCX.csv
2026-07-06 01:39:23,914 INFO nb01: END   read Thursday-WorkingHours-Morning-WebAttacks.pcap_ISCX.csv (1.1s)
2026-07-06 01:39:23,915 INFO nb01: Thursday-WorkingHours-Morning-WebAttacks.pcap_ISCX.csv -> 170366 rows
2026-07-06 01:39:23,915 INFO nb01: START read Tuesday-WorkingHours.pcap_ISCX.csv
2026-07-06 01:39:26,681 INFO nb01: END   read Tuesday-WorkingHours.pcap_ISCX.csv (2.8s)
2026-07-06 01:39:26,682 INFO nb01: Tuesday-WorkingHours.pcap_ISCX.csv -> 445909 rows
2026-07-06 01:39:26,682 INFO nb01: START read Wednesday-workingHours.pcap_ISCX.csv
2026-07-06 01:39:31,081 INFO nb01: END   read Wednesday-workingHours.pcap_ISCX.csv (4.4s)
2026-07-06 01:39:31,083 INFO nb01: Wednesday-workingHours.pcap_ISCX.csv -> 692703 rows
2026-07-06 01:39:37,143 INFO ids.data.unify: concat_unified: 2830743 rows, 78 columns
2026-07-06 01:39:41,789 INFO nb01: saved /Users/MAC/Projects/IDS/backend/artifacts/ft40/cic2017/data/raw_unified.parquet (2830743 rows x 78 cols)
2026-07-06 01:39:48,546 INFO nb01: overview: {'dataset': 'cic2017', 'rows': 2830743, 'n_features': 77, 'columns': 78, 'memory_mb': 1923.0, 'dtype_counts': {'int64': 53, 'float64': 24, 'object': 1}, 'n_duplicate_rows': 308381}
2026-07-06 01:39:48,636 INFO nb01: 15 classes; imbalance ratio max/min = 206645
2026-07-06 01:39:52,405 INFO nb01: NaN cells=1358 | inf cells=4376 | zero-variance features=['bwd_psh_flags', 'bwd_urg_flags', 'fwd_byts_b_avg', 'fwd_pkts_b_avg', 'fwd_blk_rate_avg', 'bwd_byts_b_avg', 'bwd_pkts_b_avg', 'bwd_blk_rate_avg']
2026-07-06 01:39:56,039 INFO nb01: saved describe.csv (77 features)
2026-07-06 01:39:58,092 INFO nb01: pairs with |r| > 0.95: 51
2026-07-06 01:39:58,769 INFO nb01: notebook 01 complete — artifacts in /Users/MAC/Projects/IDS/backend/artifacts/ft40/cic2017/eda
2026-07-06 07:47:47,000 INFO nb01: dataset=cic2017 | random_state=42 | artifacts -> /Users/MAC/Projects/IDS/backend/artifacts/ft40/cic2017
2026-07-06 07:47:47,011 INFO nb01: START load cached raw_unified.parquet
2026-07-06 07:47:48,333 INFO nb01: END   load cached raw_unified.parquet (1.3s)
2026-07-06 07:47:55,698 INFO nb01: overview: {'dataset': 'cic2017', 'rows': 2830743, 'n_features': 77, 'columns': 78, 'memory_mb': 1923.0, 'dtype_counts': {'int64': 53, 'float64': 24, 'object': 1}, 'n_duplicate_rows': 308381}
2026-07-06 07:47:55,793 INFO nb01: 15 classes; imbalance ratio max/min = 206645
2026-07-06 07:47:59,871 INFO nb01: NaN cells=1358 | inf cells=4376 | zero-variance features=['bwd_psh_flags', 'bwd_urg_flags', 'fwd_byts_b_avg', 'fwd_pkts_b_avg', 'fwd_blk_rate_avg', 'bwd_byts_b_avg', 'bwd_pkts_b_avg', 'bwd_blk_rate_avg']
2026-07-06 07:48:03,290 INFO nb01: saved describe.csv (77 features)
2026-07-06 07:48:05,452 INFO nb01: pairs with |r| > 0.95: 51
2026-07-06 07:48:06,090 INFO nb01: notebook 01 complete — artifacts in /Users/MAC/Projects/IDS/backend/artifacts/ft40/cic2017/eda
2026-07-06 10:31:08,777 INFO nb01: dataset=cic2017 | random_state=42 | artifacts -> /Users/MAC/Projects/IDS/backend/artifacts/ft40/cic2017
2026-07-06 10:31:08,785 INFO nb01: START load cached raw_unified.parquet
2026-07-06 10:31:10,536 INFO nb01: END   load cached raw_unified.parquet (1.8s)
2026-07-06 10:31:19,068 INFO nb01: overview: {'dataset': 'cic2017', 'rows': 2830743, 'n_features': 77, 'columns': 78, 'memory_mb': 1923.0, 'dtype_counts': {'int64': 53, 'float64': 24, 'object': 1}, 'n_duplicate_rows': 308381}
2026-07-06 10:31:19,166 INFO nb01: 15 classes; imbalance ratio max/min = 206645
2026-07-06 10:31:24,116 INFO nb01: NaN cells=1358 | inf cells=4376 | zero-variance features=['bwd_psh_flags', 'bwd_urg_flags', 'fwd_byts_b_avg', 'fwd_pkts_b_avg', 'fwd_blk_rate_avg', 'bwd_byts_b_avg', 'bwd_pkts_b_avg', 'bwd_blk_rate_avg']
2026-07-06 10:31:28,436 INFO nb01: saved describe.csv (77 features)
2026-07-06 10:31:30,789 INFO nb01: pairs with |r| > 0.95: 51
2026-07-06 10:31:31,415 INFO nb01: notebook 01 complete — artifacts in /Users/MAC/Projects/IDS/backend/artifacts/ft40/cic2017/eda
