2026-07-06 19:05:09,696 INFO nb04: 1586902 rows | 40 selected features | 15 classes | models=['decision_tree', 'random_forest', 'svm', 'naive_bayes', 'knn'] | target_per_class=50000
2026-07-06 19:05:11,607 INFO nb04: 70_30: train=1110831 / test=476071
2026-07-06 19:05:12,412 INFO nb04: 80_20: train=1269521 / test=317381
2026-07-06 19:05:13,207 INFO nb04: 90_10: train=1428211 / test=158691
2026-07-06 19:05:13,999 INFO nb04: 70_20_10: train=1110830 / val=317381 / test=158691
2026-07-06 19:05:14,011 INFO nb04: START all holdout schemes
2026-07-06 19:05:14,011 INFO nb04: START scheme 70_30
2026-07-06 19:05:34,729 INFO nb04: 70_30/decision_tree: fit on 1110831 rows in 20.7s
2026-07-06 19:05:36,715 INFO nb04: 70_30/decision_tree [test]: acc=0.7193 f1_macro=0.6624 roc_auc=0.9178 det=0.000ms
2026-07-06 19:06:21,907 INFO nb04: 70_30/random_forest: fit on 1110831 rows in 45.2s
2026-07-06 19:06:31,834 INFO nb04: 70_30/random_forest [test]: acc=0.7547 f1_macro=0.6775 roc_auc=0.9506 det=0.007ms
2026-07-06 19:06:46,005 INFO nb04: 70_30/svm: fit on 1110831 rows in 13.9s
2026-07-06 19:06:51,674 INFO nb04: 70_30/svm [test]: acc=0.4145 f1_macro=0.3859 roc_auc=0.8579 det=0.001ms
2026-07-06 19:06:58,963 INFO nb04: 70_30/naive_bayes: fit on 1110831 rows in 7.3s
2026-07-06 19:07:03,126 INFO nb04: 70_30/naive_bayes [test]: acc=0.4092 f1_macro=0.3428 roc_auc=0.8236 det=0.001ms
2026-07-06 19:07:08,670 INFO nb04: 70_30/knn: fit on 1110831 rows in 5.5s
2026-07-06 19:20:35,552 INFO nb04: 70_30/knn [test]: acc=0.7201 f1_macro=0.6292 roc_auc=0.927 det=0.539ms
2026-07-06 19:20:35,555 INFO nb04: END   scheme 70_30 (921.4s)
2026-07-06 19:20:35,556 INFO nb04: START scheme 80_20
2026-07-06 19:20:54,981 INFO nb04: 80_20/decision_tree: fit on 1269521 rows in 19.4s
2026-07-06 19:20:56,209 INFO nb04: 80_20/decision_tree [test]: acc=0.7124 f1_macro=0.6727 roc_auc=0.9183 det=0.000ms
2026-07-06 19:21:37,796 INFO nb04: 80_20/random_forest: fit on 1269521 rows in 41.6s
2026-07-06 19:21:43,484 INFO nb04: 80_20/random_forest [test]: acc=0.7534 f1_macro=0.6773 roc_auc=0.9506 det=0.005ms
2026-07-06 19:21:53,346 INFO nb04: 80_20/svm: fit on 1269521 rows in 9.8s
2026-07-06 19:21:55,898 INFO nb04: 80_20/svm [test]: acc=0.4140 f1_macro=0.3950 roc_auc=0.8575 det=0.001ms
2026-07-06 19:22:00,073 INFO nb04: 80_20/naive_bayes: fit on 1269521 rows in 4.2s
2026-07-06 19:22:02,319 INFO nb04: 80_20/naive_bayes [test]: acc=0.4108 f1_macro=0.3569 roc_auc=0.823 det=0.001ms
2026-07-06 19:22:06,188 INFO nb04: 80_20/knn: fit on 1269521 rows in 3.9s
2026-07-06 19:30:15,501 INFO nb04: 80_20/knn [test]: acc=0.7204 f1_macro=0.6334 roc_auc=0.9269 det=0.507ms
2026-07-06 19:30:15,502 INFO nb04: END   scheme 80_20 (579.9s)
2026-07-06 19:30:15,503 INFO nb04: START scheme 90_10
2026-07-06 19:30:33,412 INFO nb04: 90_10/decision_tree: fit on 1428211 rows in 17.9s
2026-07-06 19:30:34,149 INFO nb04: 90_10/decision_tree [test]: acc=0.7085 f1_macro=0.6782 roc_auc=0.9254 det=0.000ms
2026-07-06 19:31:12,685 INFO nb04: 90_10/random_forest: fit on 1428211 rows in 38.5s
2026-07-06 19:31:15,578 INFO nb04: 90_10/random_forest [test]: acc=0.7532 f1_macro=0.6744 roc_auc=0.9507 det=0.005ms
2026-07-06 19:31:25,615 INFO nb04: 90_10/svm: fit on 1428211 rows in 10.0s
2026-07-06 19:31:26,987 INFO nb04: 90_10/svm [test]: acc=0.4093 f1_macro=0.4018 roc_auc=0.8538 det=0.001ms
2026-07-06 19:31:30,229 INFO nb04: 90_10/naive_bayes: fit on 1428211 rows in 3.2s
2026-07-06 19:31:31,369 INFO nb04: 90_10/naive_bayes [test]: acc=0.1922 f1_macro=0.3206 roc_auc=0.8221 det=0.001ms
2026-07-06 19:31:34,264 INFO nb04: 90_10/knn: fit on 1428211 rows in 2.9s
2026-07-06 19:35:41,310 INFO nb04: 90_10/knn [test]: acc=0.7221 f1_macro=0.6202 roc_auc=0.9275 det=0.512ms
2026-07-06 19:35:41,311 INFO nb04: END   scheme 90_10 (325.8s)
2026-07-06 19:35:41,312 INFO nb04: START scheme 70_20_10
2026-07-06 19:36:01,494 INFO nb04: 70_20_10/decision_tree: fit on 1110830 rows in 20.2s
2026-07-06 19:36:02,164 INFO nb04: 70_20_10/decision_tree [test]: acc=0.7200 f1_macro=0.6695 roc_auc=0.9114 det=0.000ms
2026-07-06 19:36:03,331 INFO nb04: 70_20_10/decision_tree [validation]: acc=0.7200 f1_macro=0.6752 roc_auc=0.9125 det=0.000ms
2026-07-06 19:36:44,725 INFO nb04: 70_20_10/random_forest: fit on 1110830 rows in 41.4s
2026-07-06 19:36:47,543 INFO nb04: 70_20_10/random_forest [test]: acc=0.7543 f1_macro=0.6561 roc_auc=0.9506 det=0.006ms
2026-07-06 19:36:52,722 INFO nb04: 70_20_10/random_forest [validation]: acc=0.7524 f1_macro=0.6982 roc_auc=0.9503 det=0.005ms
2026-07-06 19:37:02,754 INFO nb04: 70_20_10/svm: fit on 1110830 rows in 10.0s
2026-07-06 19:37:04,140 INFO nb04: 70_20_10/svm [test]: acc=0.4153 f1_macro=0.4059 roc_auc=0.8569 det=0.001ms
2026-07-06 19:37:06,638 INFO nb04: 70_20_10/svm [validation]: acc=0.4171 f1_macro=0.4045 roc_auc=0.8574 det=0.002ms
2026-07-06 19:37:11,777 INFO nb04: 70_20_10/naive_bayes: fit on 1110830 rows in 5.1s
2026-07-06 19:37:12,897 INFO nb04: 70_20_10/naive_bayes [test]: acc=0.4188 f1_macro=0.3460 roc_auc=0.8212 det=0.001ms
2026-07-06 19:37:14,985 INFO nb04: 70_20_10/naive_bayes [validation]: acc=0.4220 f1_macro=0.3468 roc_auc=0.8222 det=0.001ms
2026-07-06 19:37:19,516 INFO nb04: 70_20_10/knn: fit on 1110830 rows in 4.5s
2026-07-06 19:41:28,551 INFO nb04: 70_20_10/knn [test]: acc=0.7218 f1_macro=0.6241 roc_auc=0.9281 det=0.545ms
2026-07-06 19:49:38,686 INFO nb04: 70_20_10/knn [validation]: acc=0.7197 f1_macro=0.6285 roc_auc=0.9275 det=0.523ms
2026-07-06 19:49:38,688 INFO nb04: END   scheme 70_20_10 (837.3s)
2026-07-06 19:49:38,688 INFO nb04: END   all holdout schemes (2664.4s)
2026-07-06 19:49:38,714 INFO nb04: START 5-fold stratified CV, all models
2026-07-06 19:49:57,819 INFO ids.evaluation.cross_val: CV decision_tree fold 1/5: f1_macro=0.6754 acc=0.7211 (18.0s)
2026-07-06 19:50:16,082 INFO ids.evaluation.cross_val: CV decision_tree fold 2/5: f1_macro=0.6639 acc=0.7243 (17.2s)
2026-07-06 19:50:34,106 INFO ids.evaluation.cross_val: CV decision_tree fold 3/5: f1_macro=0.6520 acc=0.7076 (17.3s)
2026-07-06 19:50:51,947 INFO ids.evaluation.cross_val: CV decision_tree fold 4/5: f1_macro=0.6743 acc=0.7480 (17.1s)
2026-07-06 19:51:09,796 INFO ids.evaluation.cross_val: CV decision_tree fold 5/5: f1_macro=0.6770 acc=0.7174 (17.1s)
2026-07-06 19:51:50,904 INFO ids.evaluation.cross_val: CV random_forest fold 1/5: f1_macro=0.6420 acc=0.7453 (37.9s)
2026-07-06 19:52:31,831 INFO ids.evaluation.cross_val: CV random_forest fold 2/5: f1_macro=0.6197 acc=0.7436 (37.3s)
2026-07-06 19:53:13,202 INFO ids.evaluation.cross_val: CV random_forest fold 3/5: f1_macro=0.6377 acc=0.7428 (37.9s)
2026-07-06 19:53:54,064 INFO ids.evaluation.cross_val: CV random_forest fold 4/5: f1_macro=0.6529 acc=0.7441 (37.5s)
2026-07-06 19:54:34,948 INFO ids.evaluation.cross_val: CV random_forest fold 5/5: f1_macro=0.6512 acc=0.7415 (37.5s)
2026-07-06 19:54:48,079 INFO ids.evaluation.cross_val: CV svm fold 1/5: f1_macro=0.3839 acc=0.4014 (11.2s)
2026-07-06 19:54:59,655 INFO ids.evaluation.cross_val: CV svm fold 2/5: f1_macro=0.3887 acc=0.4109 (9.9s)
2026-07-06 19:55:11,151 INFO ids.evaluation.cross_val: CV svm fold 3/5: f1_macro=0.3619 acc=0.4022 (9.7s)
2026-07-06 19:55:22,033 INFO ids.evaluation.cross_val: CV svm fold 4/5: f1_macro=0.3839 acc=0.4060 (9.2s)
2026-07-06 19:55:33,167 INFO ids.evaluation.cross_val: CV svm fold 5/5: f1_macro=0.3882 acc=0.4351 (9.3s)
2026-07-06 19:55:38,436 INFO ids.evaluation.cross_val: CV naive_bayes fold 1/5: f1_macro=0.3298 acc=0.2773 (3.6s)
2026-07-06 19:55:43,632 INFO ids.evaluation.cross_val: CV naive_bayes fold 2/5: f1_macro=0.3502 acc=0.4174 (3.7s)
2026-07-06 19:55:48,494 INFO ids.evaluation.cross_val: CV naive_bayes fold 3/5: f1_macro=0.3087 acc=0.1346 (3.4s)
2026-07-06 19:55:53,437 INFO ids.evaluation.cross_val: CV naive_bayes fold 4/5: f1_macro=0.3256 acc=0.2789 (3.5s)
2026-07-06 19:55:58,501 INFO ids.evaluation.cross_val: CV naive_bayes fold 5/5: f1_macro=0.3389 acc=0.3235 (3.5s)
2026-07-06 20:01:24,671 INFO ids.evaluation.cross_val: CV knn fold 1/5: f1_macro=0.6151 acc=0.7216 (3.3s)
2026-07-06 20:06:44,002 INFO ids.evaluation.cross_val: CV knn fold 2/5: f1_macro=0.6322 acc=0.7213 (3.8s)
2026-07-06 20:12:24,204 INFO ids.evaluation.cross_val: CV knn fold 3/5: f1_macro=0.6130 acc=0.7182 (4.0s)
2026-07-06 20:18:02,828 INFO ids.evaluation.cross_val: CV knn fold 4/5: f1_macro=0.6173 acc=0.7187 (3.7s)
2026-07-06 20:23:29,570 INFO ids.evaluation.cross_val: CV knn fold 5/5: f1_macro=0.6364 acc=0.7185 (3.6s)
2026-07-06 20:23:29,573 INFO nb04: END   5-fold stratified CV, all models (2031.0s)
2026-07-06 20:23:29,619 INFO nb04: notebook 04 complete — 142 artifact files under /Users/MAC/Projects/IDS/backend/artifacts/ft40_mi/cic2018/runs
